
> bharat-ai-portfolio@0.1.0 build
> next build

▲ Next.js 16.1.6 (Turbopack)

  Creating an optimized production build ...
✓ Compiled successfully in 3.8s
  Running TypeScript ...
  Collecting page data using 15 workers ...
  Generating static pages using 15 workers (0/4) ...
  Generating static pages using 15 workers (1/4) 
  Generating static pages using 15 workers (2/4) 
  Generating static pages using 15 workers (3/4) 
✓ Generating static pages using 15 workers (4/4) in 511.2ms
  Finalizing page optimization ...

Route (app)
┌ ○ /
└ ○ /_not-found


○  (Static)  prerendered as static content

